// Jest Snapshot v1, https://goo.gl/fbAQLP

exports[`Tab 테스트 렌더 확인 1`] = `
<div>
  <div
    class="sc-bdvvtL fBESFL"
    role="tablist"
  >
    <span
      class="sc-gsDKAQ fFTkaf"
      role="tab"
    >
      내 리뷰
    </span>
    <span
      class="sc-gsDKAQ fFTkaf"
      role="tab"
    >
      나의 캠핑 기록
    </span>
    <span
      class="sc-gsDKAQ fFTkaf"
      role="tab"
    >
      찜한 캠핑장
    </span>
  </div>
</div>
`;
